[Worker consumer-2] Started with concurrency limit 2
[Reaper] Service started (Stale threshold: 6s)
[Worker consumer-2] Executing Job 619ea1fb-4494-447b-8c61-f10786545eea (Org: org_alpha, Duration: 100ms, Retries: 0)
[Worker consumer-2] Executing Job 3f484295-fabd-47c3-b024-cdd5a525d762 (Org: org_beta, Duration: 1200ms, Retries: 0)
[Worker consumer-2] Completed Job 619ea1fb-4494-447b-8c61-f10786545eea
[Worker consumer-2] Executing Job f31f71a9-116c-4f66-a124-72ff08573f62 (Org: org_beta, Duration: 1200ms, Retries: 0)
[Worker consumer-2] Completed Job 3f484295-fabd-47c3-b024-cdd5a525d762
[Worker consumer-2] Executing Job 2514ef5d-59d5-4e91-9e6a-43b901fdeb4d (Org: org_alpha, Duration: 100ms, Retries: 0)
[Worker consumer-2] Completed Job 2514ef5d-59d5-4e91-9e6a-43b901fdeb4d
[Worker consumer-2] Completed Job f31f71a9-116c-4f66-a124-72ff08573f62
[Worker consumer-2] Executing Job cb45d02f-0745-4f0e-9647-8ba508e1508e (Org: org_alpha, Duration: 100ms, Retries: 0)
[Worker consumer-2] Executing Job e71a3b7a-1c9c-4a29-9a8b-28bb54f89216 (Org: org_beta, Duration: 1200ms, Retries: 0)
[Worker consumer-2] Completed Job cb45d02f-0745-4f0e-9647-8ba508e1508e
[Worker consumer-2] Executing Job 9d22d715-b57b-4179-8697-da919f2113bc (Org: org_alpha, Duration: 100ms, Retries: 0)
[Worker consumer-2] Completed Job 9d22d715-b57b-4179-8697-da919f2113bc
[Worker consumer-2] Executing Job 0d7dbc66-0a8b-4606-b307-30734f1ffe15 (Org: org_alpha, Duration: 100ms, Retries: 0)
[Worker consumer-2] Completed Job 0d7dbc66-0a8b-4606-b307-30734f1ffe15
[Worker consumer-2] Completed Job e71a3b7a-1c9c-4a29-9a8b-28bb54f89216
[Worker consumer-2] Executing Job c6c4cb10-264c-4668-9713-108bcab4f9d9 (Org: org_alpha, Duration: 100ms, Retries: 0)
[Worker consumer-2] Executing Job d44a72f0-6e03-4c5c-a0d3-5581ce170398 (Org: org_alpha, Duration: 100ms, Retries: 0)
[Worker consumer-2] Completed Job c6c4cb10-264c-4668-9713-108bcab4f9d9
[Worker consumer-2] Completed Job d44a72f0-6e03-4c5c-a0d3-5581ce170398
[Worker consumer-2] Executing Job 6cf3e776-d61e-4bc0-a81c-15c3fd314f1f (Org: org_alpha, Duration: 100ms, Retries: 0)
[Worker consumer-2] Executing Job da88bfc9-1d60-4214-8325-eddb9fa2ff46 (Org: org_alpha, Duration: 100ms, Retries: 0)
[Worker consumer-2] Completed Job 6cf3e776-d61e-4bc0-a81c-15c3fd314f1f
[Worker consumer-2] Completed Job da88bfc9-1d60-4214-8325-eddb9fa2ff46
[Worker consumer-2] Executing Job cf209d0b-f67f-4c81-8f8a-de688b0b0b2f (Org: org_alpha, Duration: 100ms, Retries: 0)
[Worker consumer-2] Executing Job 84ef80a5-da31-4d3b-9ced-398190b2ada6 (Org: org_alpha, Duration: 100ms, Retries: 0)
[Worker consumer-2] Completed Job cf209d0b-f67f-4c81-8f8a-de688b0b0b2f
[Worker consumer-2] Completed Job 84ef80a5-da31-4d3b-9ced-398190b2ada6
[Worker consumer-2] Executing Job ceb67b1e-78a9-4066-a85b-12e27ea0085a (Org: org_alpha, Duration: 100ms, Retries: 0)
[Worker consumer-2] Executing Job 4179b35a-4426-4b37-8f6e-35983a7479eb (Org: org_alpha, Duration: 100ms, Retries: 0)
[Worker consumer-2] Completed Job 4179b35a-4426-4b37-8f6e-35983a7479eb
[Worker consumer-2] Completed Job ceb67b1e-78a9-4066-a85b-12e27ea0085a
[Worker consumer-2] Executing Job b6c16615-8cfd-44d8-8bdb-a6d334afc363 (Org: org_alpha, Duration: 100ms, Retries: 0)
[Worker consumer-2] Executing Job 38ee00db-81c6-4bd5-9d1a-f3a05e5e22d1 (Org: org_alpha, Duration: 100ms, Retries: 0)
[Worker consumer-2] Completed Job 38ee00db-81c6-4bd5-9d1a-f3a05e5e22d1
[Worker consumer-2] Completed Job b6c16615-8cfd-44d8-8bdb-a6d334afc363
[Worker consumer-2] Executing Job 7de4af86-cc91-4895-8d8e-a2a3b9ed5b2a (Org: org_alpha, Duration: 100ms, Retries: 0)
[Worker consumer-2] Executing Job a129928f-7691-4247-bfc9-6eca7dc24f72 (Org: org_alpha, Duration: 100ms, Retries: 0)
[Worker consumer-2] Completed Job 7de4af86-cc91-4895-8d8e-a2a3b9ed5b2a
[Worker consumer-2] Completed Job a129928f-7691-4247-bfc9-6eca7dc24f72
[Worker consumer-2] Executing Job 439e049d-879b-4d66-a806-bfffd7043250 (Org: org_alpha, Duration: 100ms, Retries: 0)
[Worker consumer-2] Executing Job d582f742-cf46-4381-be5c-817f1602f8f1 (Org: org_alpha, Duration: 100ms, Retries: 0)
[Worker consumer-2] Completed Job 439e049d-879b-4d66-a806-bfffd7043250
[Worker consumer-2] Completed Job d582f742-cf46-4381-be5c-817f1602f8f1
[Worker consumer-2] Executing Job 78fed8a5-2c11-4eaa-b174-3d5e47aa350a (Org: org_alpha, Duration: 100ms, Retries: 0)
[Worker consumer-2] Executing Job aaf76c24-63b6-4528-be29-662611cd6fbf (Org: org_gamma, Duration: 150ms, Retries: 0)
[Worker consumer-2] Completed Job 78fed8a5-2c11-4eaa-b174-3d5e47aa350a
[Worker consumer-2] Completed Job aaf76c24-63b6-4528-be29-662611cd6fbf
[Worker consumer-2] Executing Job 8dc1af72-376f-469c-b42e-6365e1b795c8 (Org: org_alpha, Duration: 100ms, Retries: 0)
[Worker consumer-2] Executing Job f944e3c2-39f3-4ed9-ab4c-05dcbffb321a (Org: org_gamma, Duration: 150ms, Retries: 0)
[Worker consumer-2] Completed Job 8dc1af72-376f-469c-b42e-6365e1b795c8
[Worker consumer-2] Completed Job f944e3c2-39f3-4ed9-ab4c-05dcbffb321a
[Worker consumer-2] Executing Job e68dcead-0c59-40c3-a2c1-4af77e49f646 (Org: org_alpha, Duration: 100ms, Retries: 0)
[Worker consumer-2] Executing Job 1cb76d63-000f-4089-bffc-4a7567d2cd28 (Org: org_gamma, Duration: 150ms, Retries: 0)
[Worker consumer-2] Completed Job e68dcead-0c59-40c3-a2c1-4af77e49f646
[Worker consumer-2] Completed Job 1cb76d63-000f-4089-bffc-4a7567d2cd28
[Worker consumer-2] Executing Job e6957b63-9d7f-4e4a-b461-b7ede08cbdb6 (Org: org_alpha, Duration: 100ms, Retries: 0)
[Worker consumer-2] Executing Job 977f9ab7-9da3-4adb-8fee-c84cc0c461d2 (Org: org_gamma, Duration: 150ms, Retries: 0)
[Worker consumer-2] Completed Job e6957b63-9d7f-4e4a-b461-b7ede08cbdb6
[Worker consumer-2] Completed Job 977f9ab7-9da3-4adb-8fee-c84cc0c461d2
[Worker consumer-2] Executing Job eade7b4d-3951-4965-92bf-a5fac344d62b (Org: org_alpha, Duration: 100ms, Retries: 0)
[Worker consumer-2] Executing Job aab6c1d0-a5f6-4f17-a0b1-b2fcc36bd714 (Org: org_gamma, Duration: 150ms, Retries: 0)
[Worker consumer-2] Completed Job eade7b4d-3951-4965-92bf-a5fac344d62b
[Worker consumer-2] Completed Job aab6c1d0-a5f6-4f17-a0b1-b2fcc36bd714
[Worker consumer-2] Executing Job 019a8899-7aa6-43e8-b0d2-395b67515951 (Org: org_alpha, Duration: 100ms, Retries: 0)
[Worker consumer-2] Executing Job 88962411-07de-4cf1-aa7e-8d4f2940d462 (Org: org_alpha, Duration: 100ms, Retries: 0)
[Worker consumer-2] Completed Job 019a8899-7aa6-43e8-b0d2-395b67515951
[Worker consumer-2] Completed Job 88962411-07de-4cf1-aa7e-8d4f2940d462
[Worker consumer-2] Executing Job 5e7f783b-8fac-4691-8851-3f26789ceb6e (Org: org_alpha, Duration: 100ms, Retries: 0)
[Worker consumer-2] Executing Job 4ce7a2f7-0890-41ae-b7d3-550cfa132390 (Org: org_alpha, Duration: 100ms, Retries: 0)
[Worker consumer-2] Completed Job 4ce7a2f7-0890-41ae-b7d3-550cfa132390
[Worker consumer-2] Completed Job 5e7f783b-8fac-4691-8851-3f26789ceb6e
[Worker consumer-2] Executing Job 528295cc-4aba-4174-9bfb-c29c491736f5 (Org: org_alpha, Duration: 100ms, Retries: 0)
[Worker consumer-2] Executing Job 218a9dc7-2077-45cc-9831-30621a84cf5b (Org: org_alpha, Duration: 100ms, Retries: 0)
[Worker consumer-2] Completed Job 528295cc-4aba-4174-9bfb-c29c491736f5
[Worker consumer-2] Completed Job 218a9dc7-2077-45cc-9831-30621a84cf5b
[Worker consumer-2] Executing Job b0e8c3ef-67fc-413b-8889-579b2eec2b48 (Org: org_alpha, Duration: 100ms, Retries: 0)
[Worker consumer-2] Executing Job 4f31f530-2a7a-44ca-a981-b1279df8e8ac (Org: org_alpha, Duration: 100ms, Retries: 0)
[Worker consumer-2] Completed Job b0e8c3ef-67fc-413b-8889-579b2eec2b48
[Worker consumer-2] Completed Job 4f31f530-2a7a-44ca-a981-b1279df8e8ac
[Worker consumer-2] Executing Job 04a7d3d8-7f6c-45b4-9aa3-b9716c167fb8 (Org: org_alpha, Duration: 100ms, Retries: 0)
[Worker consumer-2] Executing Job 6d37ff30-e5f8-4a4f-b7af-bd179c8b60d8 (Org: org_alpha, Duration: 100ms, Retries: 0)
[Worker consumer-2] Completed Job 04a7d3d8-7f6c-45b4-9aa3-b9716c167fb8
[Worker consumer-2] Completed Job 6d37ff30-e5f8-4a4f-b7af-bd179c8b60d8
[Worker consumer-2] Executing Job 8f83fd92-d4d6-45ce-a095-b43a6b411d31 (Org: org_alpha, Duration: 100ms, Retries: 0)
[Worker consumer-2] Executing Job 7243fc8f-32a7-4260-8d62-b3c5aeac9338 (Org: org_alpha, Duration: 100ms, Retries: 0)
[Worker consumer-2] Completed Job 7243fc8f-32a7-4260-8d62-b3c5aeac9338
[Worker consumer-2] Completed Job 8f83fd92-d4d6-45ce-a095-b43a6b411d31
[Worker consumer-2] Executing Job 96b37678-4802-4dcf-9e8a-9dd7c518a348 (Org: org_alpha, Duration: 100ms, Retries: 0)
[Worker consumer-2] Executing Job 93844ba9-86e9-4d86-9714-5500cb9eaebd (Org: org_alpha, Duration: 100ms, Retries: 0)
[Worker consumer-2] Completed Job 96b37678-4802-4dcf-9e8a-9dd7c518a348
[Worker consumer-2] Completed Job 93844ba9-86e9-4d86-9714-5500cb9eaebd
[Worker consumer-2] Executing Job 26d4ac00-4abb-422e-930e-8394ddcf4c8b (Org: org_alpha, Duration: 100ms, Retries: 0)
[Worker consumer-2] Completed Job 26d4ac00-4abb-422e-930e-8394ddcf4c8b
